com\ladykoala\model\DtoAccountVerifiedID.class
com\ladykoala\model\LoginDto.class
com\ladykoala\dao\DigitalAssetDao.class
com\ladykoala\dao\AccountDao.class
com\ladykoala\model\RequestBankTransferFund.class
com\ladykoala\service\LoanService.class
com\ladykoala\BlockWalletApplication.class
com\ladykoala\model\RequestDigitalAsset.class
com\ladykoala\model\RequestLinkBank.class
com\ladykoala\service\BankAccountService.class
com\ladykoala\dao\UserDao.class
com\ladykoala\dao\BankAccountDao.class
com\ladykoala\model\RequestUserDto.class
com\ladykoala\controller\AccountVerifierController.class
com\ladykoala\model\ResponseJwt.class
com\ladykoala\service\AccountVerifierService$ValidIDNames.class
com\ladykoala\controller\JwtAuthenticationController.class
com\ladykoala\dao\AccountVerifiedIDDao.class
com\ladykoala\controller\LoanController.class
com\ladykoala\repository\BankRepository.class
com\ladykoala\dao\BankDao.class
com\ladykoala\config\JwtRequestFilter.class
com\ladykoala\model\DtoBankAccount.class
com\ladykoala\repository\AccountVerifierRepository.class
com\ladykoala\config\JwtTokenUtil.class
com\ladykoala\service\JwtUserDetailsService.class
com\ladykoala\controller\DigitAssetsController.class
com\ladykoala\config\WebSecurityConfig.class
com\ladykoala\model\RequestJwt.class
com\ladykoala\model\RequestApplyLoan.class
com\ladykoala\model\ResponseLinkBank.class
com\ladykoala\model\RequestCashIn.class
com\ladykoala\controller\AccountController.class
com\ladykoala\model\DtoAccount.class
com\ladykoala\repository\UserRepository.class
com\ladykoala\repository\DigitalAssetsRepository.class
com\ladykoala\repository\BankAccountRepository.class
com\ladykoala\config\JwtAuthenticationEntryPoint.class
com\ladykoala\service\AccountVerifierService.class
com\ladykoala\repository\AccountRepository.class
com\ladykoala\service\AccountService.class
com\ladykoala\model\ResponseCashIn.class
com\ladykoala\controller\BankAccountController.class
com\ladykoala\service\DigitalAssetService.class
