D:\Source Code\springboot\BlockWalletBE-Main\src\main\java\com\ladykoala\config\JwtTokenUtil.java
D:\Source Code\springboot\BlockWalletBE-Main\src\main\java\com\ladykoala\model\RequestBankTransferFund.java
D:\Source Code\springboot\BlockWalletBE-Main\src\main\java\com\ladykoala\controller\BankAccountController.java
D:\Source Code\springboot\BlockWalletBE-Main\src\main\java\com\ladykoala\model\RequestLinkBank.java
D:\Source Code\springboot\BlockWalletBE-Main\src\main\java\com\ladykoala\model\DtoAccountVerifiedID.java
D:\Source Code\springboot\BlockWalletBE-Main\src\main\java\com\ladykoala\BlockWalletApplication.java
D:\Source Code\springboot\BlockWalletBE-Main\src\main\java\com\ladykoala\config\WebSecurityConfig.java
D:\Source Code\springboot\BlockWalletBE-Main\src\main\java\com\ladykoala\model\RequestUserDto.java
D:\Source Code\springboot\BlockWalletBE-Main\src\main\java\com\ladykoala\repository\UserRepository.java
D:\Source Code\springboot\BlockWalletBE-Main\src\main\java\com\ladykoala\service\DigitalAssetService.java
D:\Source Code\springboot\BlockWalletBE-Main\src\main\java\com\ladykoala\controller\AccountController.java
D:\Source Code\springboot\BlockWalletBE-Main\src\main\java\com\ladykoala\dao\AccountDao.java
D:\Source Code\springboot\BlockWalletBE-Main\src\main\java\com\ladykoala\service\AccountService.java
D:\Source Code\springboot\BlockWalletBE-Main\src\main\java\com\ladykoala\controller\DigitAssetsController.java
D:\Source Code\springboot\BlockWalletBE-Main\src\main\java\com\ladykoala\dao\AccountVerifiedIDDao.java
D:\Source Code\springboot\BlockWalletBE-Main\src\main\java\com\ladykoala\service\JwtUserDetailsService.java
D:\Source Code\springboot\BlockWalletBE-Main\src\main\java\com\ladykoala\dao\BankAccountDao.java
D:\Source Code\springboot\BlockWalletBE-Main\src\main\java\com\ladykoala\model\DtoAccount.java
D:\Source Code\springboot\BlockWalletBE-Main\src\main\java\com\ladykoala\repository\BankAccountRepository.java
D:\Source Code\springboot\BlockWalletBE-Main\src\main\java\com\ladykoala\model\ResponseLinkBank.java
D:\Source Code\springboot\BlockWalletBE-Main\src\main\java\com\ladykoala\service\LoanService.java
D:\Source Code\springboot\BlockWalletBE-Main\src\main\java\com\ladykoala\model\LoginDto.java
D:\Source Code\springboot\BlockWalletBE-Main\src\main\java\com\ladykoala\repository\AccountVerifierRepository.java
D:\Source Code\springboot\BlockWalletBE-Main\src\main\java\com\ladykoala\service\AccountVerifierService.java
D:\Source Code\springboot\BlockWalletBE-Main\src\main\java\com\ladykoala\dao\BankDao.java
D:\Source Code\springboot\BlockWalletBE-Main\src\main\java\com\ladykoala\service\BankAccountService.java
D:\Source Code\springboot\BlockWalletBE-Main\src\main\java\com\ladykoala\repository\BankRepository.java
D:\Source Code\springboot\BlockWalletBE-Main\src\main\java\com\ladykoala\repository\DigitalAssetsRepository.java
D:\Source Code\springboot\BlockWalletBE-Main\src\main\java\com\ladykoala\controller\JwtAuthenticationController.java
D:\Source Code\springboot\BlockWalletBE-Main\src\main\java\com\ladykoala\model\RequestJwt.java
D:\Source Code\springboot\BlockWalletBE-Main\src\main\java\com\ladykoala\repository\AccountRepository.java
D:\Source Code\springboot\BlockWalletBE-Main\src\main\java\com\ladykoala\config\JwtAuthenticationEntryPoint.java
D:\Source Code\springboot\BlockWalletBE-Main\src\main\java\com\ladykoala\model\RequestCashIn.java
D:\Source Code\springboot\BlockWalletBE-Main\src\main\java\com\ladykoala\model\ResponseCashIn.java
D:\Source Code\springboot\BlockWalletBE-Main\src\main\java\com\ladykoala\model\ResponseJwt.java
D:\Source Code\springboot\BlockWalletBE-Main\src\main\java\com\ladykoala\model\RequestApplyLoan.java
D:\Source Code\springboot\BlockWalletBE-Main\src\main\java\com\ladykoala\controller\AccountVerifierController.java
D:\Source Code\springboot\BlockWalletBE-Main\src\main\java\com\ladykoala\dao\DigitalAssetDao.java
D:\Source Code\springboot\BlockWalletBE-Main\src\main\java\com\ladykoala\dao\UserDao.java
D:\Source Code\springboot\BlockWalletBE-Main\src\main\java\com\ladykoala\model\RequestDigitalAsset.java
D:\Source Code\springboot\BlockWalletBE-Main\src\main\java\com\ladykoala\model\DtoBankAccount.java
D:\Source Code\springboot\BlockWalletBE-Main\src\main\java\com\ladykoala\controller\LoanController.java
D:\Source Code\springboot\BlockWalletBE-Main\src\main\java\com\ladykoala\config\JwtRequestFilter.java
